// Jest Snapshot v1, https://goo.gl/fbAQLP

exports[`GraphQL Handler Returns the plan categories 1`] = `
Object {
  "data": Object {
    "planCategories": Array [
      Object {
        "__typename": "PlanCategory",
        "id": "1",
      },
      Object {
        "__typename": "PlanCategory",
        "id": "2",
      },
      Object {
        "__typename": "PlanCategory",
        "id": "3",
      },
      Object {
        "__typename": "PlanCategory",
        "id": "4",
      },
      Object {
        "__typename": "PlanCategory",
        "id": "5",
      },
    ],
  },
  "loading": false,
  "networkStatus": 7,
  "stale": false,
}
`;
