// Jest Snapshot v1, https://goo.gl/fbAQLP

exports[`eventTypes query returns the EventsTypes 1`] = `
Object {
  "data": Object {
    "eventTypes": Array [
      Object {
        "__typename": "EventType",
        "id": 1,
        "title": "fake event type",
      },
    ],
  },
  "loading": false,
  "networkStatus": 7,
  "stale": false,
}
`;
